c:\users\student\documents\git\state-of-emergency\state of emergency\release\vc142.pdb
c:\users\student\documents\git\state-of-emergency\state of emergency\release\tutorial.obj
c:\users\student\documents\git\state-of-emergency\state of emergency\release\title.obj
c:\users\student\documents\git\state-of-emergency\state of emergency\release\score.obj
c:\users\student\documents\git\state-of-emergency\state of emergency\release\result.obj
c:\users\student\documents\git\state-of-emergency\state of emergency\release\renderer.obj
c:\users\student\documents\git\state-of-emergency\state of emergency\release\objectx.obj
c:\users\student\documents\git\state-of-emergency\state of emergency\release\objectbillboard.obj
c:\users\student\documents\git\state-of-emergency\state of emergency\release\object3d.obj
c:\users\student\documents\git\state-of-emergency\state of emergency\release\manager.obj
c:\users\student\documents\git\state-of-emergency\state of emergency\release\light.obj
c:\users\student\documents\git\state-of-emergency\state of emergency\release\game.obj
c:\users\student\documents\git\state-of-emergency\state of emergency\release\timer.obj
c:\users\student\documents\git\state-of-emergency\state of emergency\release\sound.obj
c:\users\student\documents\git\state-of-emergency\state of emergency\release\pause.obj
c:\users\student\documents\git\state-of-emergency\state of emergency\release\object2d.obj
c:\users\student\documents\git\state-of-emergency\state of emergency\release\object.obj
c:\users\student\documents\git\state-of-emergency\state of emergency\release\number.obj
c:\users\student\documents\git\state-of-emergency\state of emergency\release\main.obj
c:\users\student\documents\git\state-of-emergency\state of emergency\release\input.obj
c:\users\student\documents\git\state-of-emergency\state of emergency\release\effect.obj
c:\users\student\documents\git\state-of-emergency\state of emergency\release\debugproc.obj
c:\users\student\documents\git\state-of-emergency\state of emergency\release\camera.obj
c:\users\student\documents\git\state-of-emergency\state of emergency\release\floorbox.obj
c:\users\student\documents\git\state-of-emergency\state of emergency\state of emergency.exe
c:\users\student\documents\git\state-of-emergency\state of emergency\release\state of emergency.ipdb
c:\users\student\documents\git\state-of-emergency\state of emergency\release\state of emergency.iobj
c:\users\student\documents\git\state-of-emergency\state of emergency\state of emergency.pdb
c:\users\student\documents\git\state-of-emergency\state of emergency\release\state of.3391068f.tlog\cl.command.1.tlog
c:\users\student\documents\git\state-of-emergency\state of emergency\release\state of.3391068f.tlog\cl.read.1.tlog
c:\users\student\documents\git\state-of-emergency\state of emergency\release\state of.3391068f.tlog\cl.write.1.tlog
c:\users\student\documents\git\state-of-emergency\state of emergency\release\state of.3391068f.tlog\link.command.1.tlog
c:\users\student\documents\git\state-of-emergency\state of emergency\release\state of.3391068f.tlog\link.read.1.tlog
c:\users\student\documents\git\state-of-emergency\state of emergency\release\state of.3391068f.tlog\link.write.1.tlog
