c:\users\student\documents\git\state-of-emergency\state of emergency\debug\vc142.pdb
c:\users\student\documents\git\state-of-emergency\state of emergency\debug\vc142.idb
c:\users\student\documents\git\state-of-emergency\state of emergency\debug\timer.obj
c:\users\student\documents\git\state-of-emergency\state of emergency\debug\sound.obj
c:\users\student\documents\git\state-of-emergency\state of emergency\debug\score.obj
c:\users\student\documents\git\state-of-emergency\state of emergency\debug\result.obj
c:\users\student\documents\git\state-of-emergency\state of emergency\debug\renderer.obj
c:\users\student\documents\git\state-of-emergency\state of emergency\debug\pause.obj
c:\users\student\documents\git\state-of-emergency\state of emergency\debug\objectx.obj
c:\users\student\documents\git\state-of-emergency\state of emergency\debug\objectbillboard.obj
c:\users\student\documents\git\state-of-emergency\state of emergency\debug\object3d.obj
c:\users\student\documents\git\state-of-emergency\state of emergency\debug\object2d.obj
c:\users\student\documents\git\state-of-emergency\state of emergency\debug\object.obj
c:\users\student\documents\git\state-of-emergency\state of emergency\debug\number.obj
c:\users\student\documents\git\state-of-emergency\state of emergency\debug\manager.obj
c:\users\student\documents\git\state-of-emergency\state of emergency\debug\main.obj
c:\users\student\documents\git\state-of-emergency\state of emergency\debug\light.obj
c:\users\student\documents\git\state-of-emergency\state of emergency\debug\input.obj
c:\users\student\documents\git\state-of-emergency\state of emergency\debug\game.obj
c:\users\student\documents\git\state-of-emergency\state of emergency\debug\effect.obj
c:\users\student\documents\git\state-of-emergency\state of emergency\debug\debugproc.obj
c:\users\student\documents\git\state-of-emergency\state of emergency\debug\camera.obj
c:\users\student\documents\git\state-of-emergency\state of emergency\debug\tutorial.obj
c:\users\student\documents\git\state-of-emergency\state of emergency\debug\title.obj
c:\users\student\documents\git\state-of-emergency\state of emergency\debug\state of emergency.exe
c:\users\student\documents\git\state-of-emergency\state of emergency\debug\state of emergency.ilk
c:\users\student\documents\git\state-of-emergency\state of emergency\debug\state of emergency.pdb
c:\users\student\documents\git\state-of-emergency\state of emergency\debug\state of.3391068f.tlog\cl.command.1.tlog
c:\users\student\documents\git\state-of-emergency\state of emergency\debug\state of.3391068f.tlog\cl.read.1.tlog
c:\users\student\documents\git\state-of-emergency\state of emergency\debug\state of.3391068f.tlog\cl.write.1.tlog
c:\users\student\documents\git\state-of-emergency\state of emergency\debug\state of.3391068f.tlog\link.command.1.tlog
c:\users\student\documents\git\state-of-emergency\state of emergency\debug\state of.3391068f.tlog\link.read.1.tlog
c:\users\student\documents\git\state-of-emergency\state of emergency\debug\state of.3391068f.tlog\link.write.1.tlog
